
> build
> npm run build -w @kontur/web


> build
> tsc -p tsconfig.json --noEmit && vite build

vite v8.3.0 building client environment for production...
transforming...
✓ 165 modules transformed.
rendering chunks...
computing gzip size...
dist/index.html                                      1.80 kB │ gzip:   0.78 kB
dist/assets/pdf.worker.min-iDqQPrd3.mjs          1,232.30 kB
dist/assets/index-CpMoP7wA.css                      40.90 kB │ gzip:   7.72 kB
dist/assets/workbox-window.prod.es5-Bd17z0YL.js      5.65 kB │ gzip:   2.20 kB
dist/assets/pdf-QNhWmWrN.js                        409.76 kB │ gzip: 121.72 kB
dist/assets/index-DJFswD5C.js                      459.44 kB │ gzip: 137.01 kB

✓ built in 462ms

PWA v1.3.0
mode      generateSW
precache  18 entries (913.86 KiB)
files generated
  dist/sw.js
  dist/workbox-98f7a950.js
