# real-eml-check — 2026-10-01T11:24:12.122Z, Node v24.13.0, PostgreSQL postgresql://***@127.0.0.1:55432/postgres, настоящие server + worker, временная база kontur_kp_real_eml_test
# в журнале нет темы, адресов, тела, имён файлов и вложений письма (Review 07-1)
      файл: 189145 байт
      структура MIME:
        multipart/mixed
          text/html; charset=utf-8; base64
          application/vnd.openxmlformats-officedocument.wordprocessingml.document; base64; attachment
      заголовки: Subject есть, From есть, To есть, Cc есть, Date есть, Message-ID есть
      encoded-word в Subject: utf-8/B; в From/To/Cc: utf-8/B
      частей: 2; quoted-printable: 0; base64: 2; HTML: 1
PASS  server + worker готовы (отдельная временная база)
PASS  ящик зарегистрирован, выданы чтение, импорт и связь
PASS  1. импорт завершён успешно — исход done
PASS  2. тема, отправитель, получатели и дата разобраны — тема есть (31 симв.; кириллических символов 26); отправитель есть; участники по ролям: from 1, to 1, cc 2; дата есть
PASS  3. тело без повреждения кириллицы — блоков 9 (цитат 0), символов 941; кириллических символов 749; источник текста — HTML
      предупреждения разбора: body_from_html
      вложений: 1 (принято 1, отклонено 0)
PASS  4. ревизия создана — ревизий 1, идентичность message_id
PASS  5. исходный EML сохранён в хранилище побайтно — тип message/rfc822, 189145 байт, SHA-256 совпадает
PASS  6. повтор того же EML идемпотентен
PASS  7. письмо связано с тестовым тендером
PASS  8. письмо в текущем контексте тендера
PASS  9. поиск этапа находит фрагмент письма — ветки: fts; слов в запросе 3
PASS  9a. цитата фрагмента письма открывается при mail.read
PASS  10a. mail.read отозван (импорт и связь оставлены)
PASS  10. после отзыва mail.read письмо, поиск и цитата закрыты — письмо 404, прежний прогон 409, цитата 404, новый поиск без письма, исключено единиц 1
PASS  11. журнал аудита и журналы процессов без темы, адресов и текста письма — проверено образцов 11; найдено в аудите 0, в журналах процессов 0
Итог: PASS
