# ui-check — 2026-09-30T16:01:02.224Z, Chromium headless (CDP), без песочницы (--no-sandbox, AppArmor), реальные server + worker
PASS  server + worker готовы
PASS  вход администратора-руководителя
PASS  пункт «Почта» в шапке администратора ящиков
PASS  MailHub и сервис переговоров — BLOCKED_EXTERNAL с причиной
PASS  ящик зарегистрирован, открыт раздел доступа
PASS  выдача сохранена: чтение, импорт, связь
PASS  импорт EML: worker разобрал письмо — новая ревизия
PASS  нет горизонтальной прокрутки на 390 px (импорт)
PASS  карточка письма: тема, отправитель, текст и отдельно цитата прежней переписки
PASS  вложение — документ письма со скачиванием
PASS  предложение связи по коду тендера в теме — не связь
PASS  нет горизонтальной прокрутки на 390 px (карточка письма)
PASS  390 px: подписи кнопок не обрезаны, иконки видны
PASS  связь подтверждена человеком, письмо связано с этапом
PASS  вкладка «Переписка» тендера показывает связанное письмо
PASS  вопросы–ответы: импорт файла, тред с числом вопросов
PASS  вопрос: текущий ответ и история ревизий
PASS  нет горизонтальной прокрутки на 390 px (вопросы–ответы)
PASS  переговоры: сервис не подключён (Q-06) — импорт файлом
PASS  сессия переговоров импортирована
PASS  сессия: участники, реплика и отдельно подсказка участнику
PASS  worker проиндексировал ревизию письма
PASS  поиск: попадание из письма с шапкой и происхождением «Текст письма»
PASS  доказательство письма: текст, блок письма, ссылка на письмо
PASS  нет горизонтальной прокрутки на 360 px (карточка письма)
PASS  360 px: подписи кнопок не обрезаны, иконки видны
PASS  тёмная тема, 1280 px: карточка письма читается
PASS  вход инженера без выдачи по ящику
PASS  у инженера без выдачи нет пункта «Почта»
PASS  письмо без mail.read — «не найдено или нет доступа»
PASS  переписка тендера без mail.read пуста
PASS  нет ошибок консоли и нарушений CSP
Итог: PASS
