# openpyxl 3.1.5, python-docx 1.2.0, csv (стандартная библиотека Python)
smeta-stromynka.xlsx (data_only=False): листы ['Сводная', 'Материалы']
  Сводная [visible]: A1:E12, объединено []
    [('A1', '№'), ('B1', 'Наименование работ'), ('C1', 'Ед. изм.'), ('D1', 'Объём'), ('E1', 'Стоимость, руб.')]
    [('A5', 1), ('B5', 'Подготовительные работы и временные здания'), ('C5', 'компл.'), ('D5', 1), ('E5', 6200000)]
    [('A6', 2), ('B6', 'Земляные работы и устройство котлована'), ('C6', 'м3'), ('D6', 18400), ('E6', 21600000)]
    [('A7', 3), ('B7', 'Монолитные железобетонные работы каркаса'), ('C7', 'м3'), ('D7', 9850), ('E7', 98500000)]
    [('A8', 4), ('B8', 'Кладка наружных и внутренних стен'), ('C8', 'м3'), ('D8', 4120), ('E8', 24700000)]
    [('A9', 5), ('B9', 'Навесной вентилируемый фасад'), ('C9', 'м2'), ('D9', 11300), ('E9', 39550000)]
    [('A10', 6), ('B10', 'Кровля'), ('C10', 'м2'), ('D10', 1950), ('E10', 7250000)]
    [('A11', 7), ('B11', 'Внутренние инженерные системы'), ('C11', 'компл.'), ('D11', 1), ('E11', 47000000)]
    [('A12', 8), ('B12', 'Итого по смете'), ('E12', '=SUM(E5:E11)')]
  Материалы [visible]: A1:E7, объединено []
    [('A1', '№'), ('B1', 'Материал'), ('C1', 'Ед. изм.'), ('D1', 'Количество'), ('E1', 'Цена за ед., руб.')]
    [('A4', 1), ('B4', 'Бетон B30 W8 F150'), ('C4', 'м3'), ('D4', 10100), ('E4', 7450)]
    [('A5', 2), ('B5', 'Арматура А500С d12–d32'), ('C5', 'т'), ('D5', 1380), ('E5', 68900)]
    [('A6', 3), ('B6', 'Кирпич керамический М150'), ('C6', 'тыс. шт.'), ('D6', 1640), ('E6', 21300)]
    [('A7', 4), ('B7', 'Кассеты фасадные композитные'), ('C7', 'м2'), ('D7', 11300), ('E7', 2150)]
smeta-stromynka.xlsx (data_only=True): листы ['Сводная', 'Материалы']
  Сводная [visible]: A1:E12, объединено []
    [('A1', '№'), ('B1', 'Наименование работ'), ('C1', 'Ед. изм.'), ('D1', 'Объём'), ('E1', 'Стоимость, руб.')]
    [('A5', 1), ('B5', 'Подготовительные работы и временные здания'), ('C5', 'компл.'), ('D5', 1), ('E5', 6200000)]
    [('A6', 2), ('B6', 'Земляные работы и устройство котлована'), ('C6', 'м3'), ('D6', 18400), ('E6', 21600000)]
    [('A7', 3), ('B7', 'Монолитные железобетонные работы каркаса'), ('C7', 'м3'), ('D7', 9850), ('E7', 98500000)]
    [('A8', 4), ('B8', 'Кладка наружных и внутренних стен'), ('C8', 'м3'), ('D8', 4120), ('E8', 24700000)]
    [('A9', 5), ('B9', 'Навесной вентилируемый фасад'), ('C9', 'м2'), ('D9', 11300), ('E9', 39550000)]
    [('A10', 6), ('B10', 'Кровля'), ('C10', 'м2'), ('D10', 1950), ('E10', 7250000)]
    [('A11', 7), ('B11', 'Внутренние инженерные системы'), ('C11', 'компл.'), ('D11', 1), ('E11', 47000000)]
    [('A12', 8), ('B12', 'Итого по смете'), ('E12', 244800000)]
  Материалы [visible]: A1:E7, объединено []
    [('A1', '№'), ('B1', 'Материал'), ('C1', 'Ед. изм.'), ('D1', 'Количество'), ('E1', 'Цена за ед., руб.')]
    [('A4', 1), ('B4', 'Бетон B30 W8 F150'), ('C4', 'м3'), ('D4', 10100), ('E4', 7450)]
    [('A5', 2), ('B5', 'Арматура А500С d12–d32'), ('C5', 'т'), ('D5', 1380), ('E5', 68900)]
    [('A6', 3), ('B6', 'Кирпич керамический М150'), ('C6', 'тыс. шт.'), ('D6', 1640), ('E6', 21300)]
    [('A7', 4), ('B7', 'Кассеты фасадные композитные'), ('C7', 'м2'), ('D7', 11300), ('E7', 2150)]
edge.xlsx (data_only=False): листы ['Ведомость', 'Пусто', 'Служебный']
  Ведомость [visible]: A1:D5, объединено ['A1:D1']
    [('A1', 'Ведомость объёмов работ')]
    [('A3', 'Позиция'), ('B3', 'Дата'), ('C3', 'Готовность'), ('D3', 'Принято')]
    [('A4', 'Фундамент'), ('B4', datetime.datetime(2025, 12, 9, 0, 0)), ('C4', 0.35), ('D4', True)]
    [('A5', 'Каркас'), ('C5', 0.1)]
  Пусто [visible]: A1:A1, объединено []
  Служебный [hidden]: A1:A1, объединено []
    [('A1', 'Скрытая строка')]
edge.xlsx (data_only=True): листы ['Ведомость', 'Пусто', 'Служебный']
  Ведомость [visible]: A1:D5, объединено ['A1:D1']
    [('A1', 'Ведомость объёмов работ')]
    [('A3', 'Позиция'), ('B3', 'Дата'), ('C3', 'Готовность'), ('D3', 'Принято')]
    [('A4', 'Фундамент'), ('B4', datetime.datetime(2025, 12, 9, 0, 0)), ('C4', 0.35), ('D4', True)]
    [('A5', 'Каркас'), ('C5', 0.1)]
  Пусто [visible]: A1:A1, объединено []
  Служебный [hidden]: A1:A1, объединено []
    [('A1', 'Скрытая строка')]
contract.docx: абзацев 5, таблиц 1, разделов 2
    ДОГОВОР СТРОИТЕЛЬНОГО ПОДРЯДА № 15-П
    г. Москва, 10 февраля 2026 г.
    1. Генподрядчик обязуется выполнить работы по устройству монолитного каркаса.
    2. Цена договора составляет 245 000 000 рублей. ссылка
    3. Аванс — 10 % цены договора.
    | Этап | Срок | Сумма, руб.
    | Котлован | 01.04.2026 | 21 600 000
    |  |  | 
    | Каркас | 01.09.2026 | 98 500 000
cp1251.csv (cp1251, «;»): записей 4
    ['Позиция', 'Ед. изм.', 'Объём', 'Стоимость, руб.']
    ['Земляные работы', 'м3', '18 400', '21 600 000']
    ['', '', '', '']
    ['Монолитный каркас', 'м3', '9 850', '98 500 000']
exit=0
