# npm run smoke — 2026-09-30T12:41:26.166Z
# Node v24.14.1, PostgreSQL postgresql://***@127.0.0.1:55432/postgres
PASS  db:setup — роли и база — база kontur_kp_smoke_test: создана; роли и права выставлены
PASS  db:migrate — пустая БД — готово, применено миграций: 16
PASS  db:migrate — повторный запуск без изменений
PASS  bootstrap — первый администратор-руководитель
PASS  bootstrap — повтор отклонён
PASS  db:seed-demo — синтетические данные — демо-данные готовы
PASS  config:check — без значений секретов
PASS  server + worker — /ready 200 — {"database":{"ok":true,"detail":"доступна"},"schema":{"ok":true,"detail":"версия 16"},"storage":{"ok":true,"detail":"доступно на запись"},"worker":{"ok":true,"detail":"heartbeat свежий"}}
PASS  неаутентифицированный запрос — 401
PASS  вход администратора — HTTP 200
PASS  список тендеров (демо) — тендеров: 2
PASS  интерфейс раздаётся сервером с CSP
PASS  назначение на демо-тендер
PASS  загрузка архива обработана worker: ТЗ зарегистрирован, ../ отклонён — статус completed_with_errors
PASS  worker остановлен → задание не потеряно, выполнено после запуска
PASS  наблюдаемая папка: файл импортирован worker, канал актуален
PASS  этап 05: экспорт RDWeb принят и разобран worker
PASS  этап 05: состав этапа заморожен
PASS  этап 05: worker построил индекс, шифр штампа найден точной веткой — версия индекса 1, единиц в области 1
PASS  этап 05: без модели смысловая ветка честно недоступна с причиной
PASS  этап 05: описание модели не находится; пустой итог — «не найдено в области» — не найдено в области: 1 единица, 2 страницы распознано из 2
PASS  этап 05: снимок области зафиксирован, поиск по снимку
PASS  этап 05: прогон поиска перечитывается тем же итогом
PASS  этап 06: этап связан с тендером TenderHub — HTTP 200
PASS  этап 06: worker выгрузил расчёт — ревизия provisional — статус complete
PASS  этап 06: X-01 — боевой выпуск заблокирован CALCULATION_PROVISIONAL, закрытия у источника нет
PASS  этап 06: Q-05 — итог КП не заполнен, правило не задано
PASS  этап 06: цена 21 знака дошла до API без потери точности — строк: 2
PASS  этап 06: к TenderHub только GET с X-API-Key, без Authorization — запросов: 6
PASS  этап 06a: contract.create — явной выдачей; создатель получает чтение и ведение
PASS  этап 06a: основной документ договора загружен и распознан worker по экспорту RDWeb
PASS  этап 06a: поиск в контексте договора — только фрагменты договора
PASS  этап 06a: документ договора не попадает в поиск тендера без включения в состав
PASS  этап 06a: связь с тендером подтверждена; единица договора — только кандидат в состав этапа
PASS  этап 06a: пользователь без выдачи — договор, поиск и оригинал 404, связь тендера не названа
PASS  этап 05a: DOCX договора распознан локально автоматически (worker) — движок local_ocr, итог complete
PASS  этап 05a: поиск договора находит локальный фрагмент с якорем, движком и итогом, без координат — {"kind":"docx_paragraph","part":"body","block":4,"section":1}
PASS  этап 05a: PDF с политикой auto автоматически не распознаётся
PASS  этап 05a: скан PDF распознан OCR по явной команде — распознанный текст, итог complete — итог complete, уверенность 94
PASS  перезапуск server — /ready 200
PASS  перезапуск server — сессия действительна
PASS  журналы процессов без секретов
Итог: PASS
