# ui-check — 2026-09-30T10:14:00.464Z, Chromium headless (CDP), без песочницы (--no-sandbox, AppArmor), реальные server + worker
PASS  server + worker готовы
PASS  вход администратора-руководителя
PASS  XLSX распознан автоматически worker — итог complete
PASS  панель распознавания: движок, итог, используется в снимке и поиске, постановка автоматическая
PASS  XLSX: кнопки загрузки экспорта RDWeb нет, есть «Распознать заново»
PASS  единицы — листы книги с именами
PASS  пометка: у фрагментов нет координат
PASS  фрагмент строки — якорь «Лист «Сводная», A7:E7» и «Открыть доказательство»
PASS  нет горизонтальной прокрутки на 390 px (единицы и фрагменты)
PASS  390 px: подписи кнопок не обрезаны, иконки видны
PASS  доказательство: место в документе, «координаты недоступны», страницы не рисуется
PASS  итог «Требует проверки» и объяснение
PASS  причина проверки названа: формула без сохранённого значения
PASS  PDF с политикой auto: распознавания нет, доступны экспорт RDWeb и «Распознать локально»
PASS  команда «Распознать локально» — прогон завершён
PASS  политика маршрута сохранена: «Только RDWeb»
PASS  worker проиндексировал локальный прогон
PASS  поиск: якорь листа и строки, происхождение «локально», охват с локальными единицами
PASS  нет горизонтальной прокрутки на 360 px (панель распознавания)
PASS  360 px: подписи кнопок не обрезаны, иконки видны
PASS  тёмная тема, 1280 px: панель распознавания читается
PASS  нет ошибок консоли и нарушений CSP
Итог: PASS
