# Регрессии ревью 04-2 на коде передачи 8c3f7b7b52168c8f887708e98c0ffe85d1f9a8be
# Исходники apps/, packages/, scripts/ откачены к 8c3f7b7, миграция 0007 убрана;
# файлы тестов — из текущей ветки. Команда:
#   npx vitest run tests/regressions-r04c.test.ts tests/bbox.test.ts --maxWorkers=1 --fileParallelism=false
# Проверки со знаком × падают на коде передачи; со знаком ✓ — охранные, они и там верны.

     × курсор сервера проходит проверку контракта и продолжает выдачу без пропусков и повторов 
     × PDF одного документа с распознаванием другого не принимается 
     × частично смешанный комплект тоже отклоняется 
     × из архива с двумя полными комплектами берётся тот, чей PDF совпал по SHA-256 
     × координаты вне диапазона не дают ложной рамки 
     × набор номеров страниц обязан быть точным: одна страница с номером 999 не завершает прогон 
     × блок за пределами оригинала не создаёт ссылку на несуществующую страницу 
     × оригинал со страницами сверх предела отклоняется до создания страниц прогона 
     × второй архив до завершения первого отклоняется, а не создаёт брата с общим предшественником 
     × вырожденные значения не дают ложной рамки 
     × многоугольник переводится в точки того же пространства 
     × рамка не наносится, пока пространство координат не подтверждено 
⎯⎯⎯⎯⎯⎯ Failed Tests 12 ⎯⎯⎯⎯⎯⎯⎯
 Test Files  2 failed (2)
      Tests  12 failed | 3 passed (15)
