# Фальсификация регрессий ревью 04-4 на коде передачи 4 (c1604cd)

Дата: 2026-09-23

Метод: из коммита `c1604cd` восстанавливались каталоги `apps/` и `packages/`, интерфейс
пересобирался из того же кода (`npm run build`), а файлы проверок (`tests/regressions-r04e.test.ts`,
`artifacts/stage-04/ui-check.mjs`) брались из текущей ветки. Миграции и данные не менялись:
исправления этой передачи — только в коде приложения.

## tests/regressions-r04e.test.ts — 2 из 6 падают

    × R04-18 > отказавшая попытка не делает прогон перекрытым, а следующий успешный — делает
      ожидалось null, получено "dc6946ac-…" — supersededBy() вернула отказавшую попытку F
    × R04-18 > API отдаёт то же определение потомка, что и история
      GET /recognition-runs/{A} вернул supersededByRunId отказавшей попытки
    ✓ R04-18 > незавершённый потомок уже занимает место и виден как перекрывающий  (охранная: зелена всегда)
    ✓ R04-14, R04-15 > три проверки правила принадлежности ключу                    (см. оговорку ниже)

    Tests  2 failed | 4 passed (6)

## artifacts/stage-04/ui-check.mjs — 2 новых сценария падают

    FAIL  R04-14: до готовности страницы старая страница скрыта, чужой рамки нет
          {"visible":true,"overlay":false,"stale":false}
          — метаданные нового фрагмента уже показаны, а на холсте всё ещё страница прежнего
    FAIL  R04-15: поздний отказ догрузки прежней страницы не показан на новой
          more=true other=true error=true stuck=false
          — отказ догрузки страницы 1 вышел на странице 2 как её собственная ошибка
    Итог: FAIL

На текущем коде оба сценария и оба теста R04-18 зелёные (`ui-check.log`, `vitest.log`).

## Оговорка о честности двух проверок

1. Три проверки правила принадлежности ключу (`viewOf`) на старом дереве **зелёные**, потому что
   правило вынесено в новый файл `apps/web/src/hooks/keyedState.ts`, а восстановление каталога
   по пути его не удаляет. Эти проверки не фальсифицирующие: они фиксируют правило, чтобы оно
   не откатилось незаметно. Дефект R04-14/R04-15 в части «стало видно старое до ответа» закрыт
   структурно — результат выводится на этапе render, а не чистится эффектом.

2. Кадровые проверки (`MutationObserver`, «ни один кадр под новым адресом…») на старом дереве тоже
   **зелёные**. Причина не в отсутствии дефекта, а в наблюдаемости: React 19 успевает выполнить
   и рендер с прежними данными, и эффект их очистки до ближайшей микрозадачной точки доставки
   записей наблюдателя, поэтому промежуточный коммит в DOM не фиксируется и до отрисовки кадра
   не доживает. Эти проверки — охранные: они поймают регрессию, если несовпадение ключа и данных
   когда-нибудь доживёт до DOM. Доказательством исправления они не служат; доказательства —
   два падающих сценария выше и вынесенное правило `viewOf`.
