# Регрессии ревью 04-1 на коде передачи de900292ca2fc93ca8ae25a110331e1fdc16c82f
# Исходники apps/, packages/, scripts/ откачены к de90029, миграция 0006 убрана;
# файлы тестов — из текущей ветки. Команда:
#   npx vitest run tests/regressions-r04.test.ts tests/regressions-r04b.test.ts tests/adapters.test.ts --maxWorkers=1 --fileParallelism=false
# Проверки со знаком × падают на коде передачи; со знаком ✓ — охранные, они и там верны.

     × PDF с заявленным размером сверх лимита элемента не открывается и не хешируется 
     × коэффициент сжатия выше допустимого — отказ 
     × суммарный распакованный объём выше лимита — отказ 
     × число элементов архива выше лимита — отказ 
     × metadata-файлы, допустимые по отдельности, но превышающие общий бюджет памяти, — отказ без OOM 
     × повтор одного пути в архиве — явный отказ, а не молчаливая подмена кандидата 
     × отменённое queued-задание не оставляет прогон активным 
     × отменённое running-задание: job и прогон терминальны согласованно, старый владелец бессилен 
     × отменённый прогон не выдаётся за «распознавание ещё идёт» и заморозку не открывает 
     × PDF на 4 страницы и экспорт на 3 — complete невозможен 
     × заголовок страницы без содержимого распознаванием не считается 
     × нечитаемый оригинал не даёт полноты: прогон отказывает явным кодом 
     × страницу и фрагмент нельзя добавить в прогон, который ещё не выполняется 
     × страницу и фрагмент нельзя добавить в завершённый прогон 
     × complete нельзя объявить по числам, не подтверждённым строками страниц 
     × partial нельзя объявить, если строки страниц не соответствуют счётчикам 
     × прогон тендера A и редакция тендера B в одном фрагменте не сходятся 
     × другая редакция того же тендера тоже не подставляется 
     × прогонный фрагмент без редакции не создаётся: иначе составной ключ не проверялся бы 
     × пределы разбора: превышение объёма — отказ, длинный фрагмент — разбиение без потерь 
     × число страниц берётся у оригинала: экспорт без страницы не даёт complete 
     × пустой заголовок страницы распознаванием не считается 
     × без достоверного числа страниц оригинала разбор отклоняется 
⎯⎯⎯⎯⎯⎯ Failed Tests 23 ⎯⎯⎯⎯⎯⎯⎯
 Test Files  3 failed (3)
      Tests  23 failed | 17 passed (40)
