# Регрессии ревью 04-3 на коде передачи 8075c00055e418cb0180ae94109996ccbb4beb0e
# Исходники apps/, packages/, scripts/ откачены к 8075c00, миграция 0008 убрана,
# интерфейс пересобран из того же кода; файлы тестов и ui-check — из текущей ветки.
#
# 1) npx vitest run tests/regressions-r04d.test.ts --maxWorkers=1 --fileParallelism=false
     × две metadata одной роли в комплекте — отказ, а не выбор по имени 
     × два одинаковых PDF в разных комплектах — отказ, а не выбор по порядку членов архива 
     × второе ответвление от того же предшественника отклоняется 
     × второй корень истории отклоняется 
     × похожая, но не UUID строка даёт 400, а не 500 
     × координаты вне диапазона не называются усечёнными 
⎯⎯⎯⎯⎯⎯⎯ Failed Tests 6 ⎯⎯⎯⎯⎯⎯⎯
 Test Files  1 failed (1)
      Tests  6 failed | 2 passed (8)

# 2) node artifacts/stage-04/ui-check.mjs — браузерные сценарии R04-14 и R04-15
PASS  страница 1 прогона открыта, её фрагменты видны
PASS  на странице есть два фрагмента с разными рамками
FAIL  R04-14: переход между фрагментами меняет выделение — A=left: 119px; top: 538.88px; width: 952px; height: 303.12px; B=left: 119px; top: 538.88px; width: 952px; height: 303.12px;
FAIL  R04-15: до ответа фрагменты прежней страницы не показываются
PASS  R04-15: после ответа видны фрагменты выбранной страницы
#    (полный прогон ui-check на старом коде: Итог FAIL)
