# ui-check — 2026-09-22T13:01:13.079Z, Microsoft Edge headless, реальные server + worker
PASS  server + worker готовы
PASS  без входа открывается форма входа
PASS  вход инженера
PASS  оригинал загружен и зарегистрирован
PASS  карточка документа: распознавание ещё не выполнялось
PASS  A16: экспорт разобран, неполнота названа числом
PASS  нигде не написано «полностью проверено»
PASS  перечень нераспознанных страниц виден
PASS  A17: у фрагмента повёрнутой страницы есть координаты и поворот
PASS  участок оригинала отрисован pdf.js из локального PDF — Распознавание документа неполное: часть страниц без фрагментов.
PASS  выделение нанесено поверх страницы — {"siblings":["CANVAS","DIV"],"w":1400,"h":989,"notices":"Распознавание документа неполное: часть страниц без фрагментов."}
PASS  I06: происхождение текста названо
PASS  crop_url не загружается: внешних запросов нет
PASS  диалог подтверждения заморозки открыт
PASS  состав заморожен после распознавания — Черновик состава создан.
PASS  нет горизонтальной прокрутки на 360 px (документ с распознаванием)
PASS  нет горизонтальной прокрутки на 360 px (доказательство)
PASS  нет горизонтальной прокрутки на 360 px (состав источников)
PASS  нет ошибок консоли и нарушений CSP
Итог: PASS
