# ui-check — 2026-09-29T12:44:23.804Z, Chromium headless (CDP), без песочницы (--no-sandbox, AppArmor), реальные server + worker, поддельный TenderHub по контракту (не live)
PASS  server + worker готовы (worker с адресом поддельного TenderHub)
PASS  вход администратора-руководителя
PASS  администратор назначен участником тендера (admin.tender для связи этапа) — HTTP 200
PASS  у этапа есть вкладка «Расчёт»; этап ещё не связан с TenderHub
PASS  связь сохранена через форму и показана
PASS  состояние «Выгрузка идёт» видно, пока worker читает TenderHub
PASS  выгрузка завершена: ревизия № 1
PASS  ревизия помечена предварительной (provisional)
PASS  X-01: боевой выпуск с ревизией заблокирован (CALCULATION_PROVISIONAL), тестовый возможен
PASS  Q-05: итог КП не выводится, значения TenderHub показаны как есть
PASS  закрытие у источника недоступно до X-01
PASS  позиции: раздел не считается работой, ДОП и позиция без строк видны, manual_volume без семантики
PASS  строки позиции: комплексная строка к работе и точная цена 21 знака
PASS  строки позиции: КП работ и КП материалов показаны раздельно
PASS  нет горизонтальной прокрутки на 390 px (ревизия со строками)
PASS  390 px: подписи кнопок не обрезаны, иконки видны
PASS  отказ TenderHub (401) показан причиной, ключ на странице не виден
PASS  после отказа новой ревизии нет
PASS  inconsistent: «Данные менялись» с причиной, ложной ревизии нет
PASS  фикстура X-01: ревизия verified отличается видом и не несёт блокировки X-01
PASS  вход инженера
PASS  инженер видит ревизии и может запросить выгрузку, но не меняет связь этапа
PASS  нет горизонтальной прокрутки на 360 px (вкладка «Расчёт»)
PASS  360 px: подписи кнопок не обрезаны, иконки видны
PASS  тёмная тема, 1280 px: ревизии и позиции отображаются
PASS  нет ошибок консоли и нарушений CSP
Итог: PASS
