# ui-check — 2026-09-29T12:44:02.524Z, Chromium headless (CDP), без песочницы (--no-sandbox, AppArmor), реальные server + worker
PASS  server + worker готовы
PASS  вход инженера
PASS  оригинал, экспорт RDWeb и замороженный состав этапа
PASS  worker построил индекс поиска — версия 1
PASS  у этапа есть вкладка «Поиск» с формой
PASS  результат: цитата с документом, происхождением и веткой поиска
PASS  деградация смысловой ветки названа причиной, а не скрыта
PASS  нет горизонтальной прокрутки на 390 px (результаты поиска)
PASS  переход к доказательству: участок оригинала отрисован
PASS  описание модели не находится; пустой итог — «не найдено в области», а не «не предусмотрено»
PASS  в пустом итоге нет утверждения об отсутствии требования
PASS  снимок области зафиксирован
PASS  поиск по снимку области
PASS  у фикстуры есть фрагмент без страницы
PASS  R04-19: фрагмент без страницы — честное состояние вместо «Страница оригинала загружается…»
PASS  нет горизонтальной прокрутки на 360 px (вкладка поиска)
PASS  нет горизонтальной прокрутки на 360 px (доказательство без страницы)
PASS  тёмная тема, 1280 px: результаты поиска отображаются
PASS  нет ошибок консоли и нарушений CSP
Итог: PASS
