# ui-check — 2026-09-29T12:43:33.798Z, Chromium headless (CDP), без песочницы (--no-sandbox, AppArmor), реальные server + worker
PASS  server + worker готовы
PASS  вход администратора-руководителя
PASS  пункт «Договоры» в навигации — у администратора договоров
PASS  вкладка «Создание договоров» у администратора
PASS  право создавать договоры выдано через интерфейс
PASS  раздел «Договоры» открыт; договоров пока нет
PASS  договор создан, открыта его страница с вкладкой «Документы»
PASS  основной договор загружен через интерфейс
PASS  допсоглашение загружено и связано с основным документом
PASS  повтор того же файла — та же редакция, а не новый документ
PASS  нет горизонтальной прокрутки на 390 px (документы договора)
PASS  390 px: подписи кнопок не обрезаны, иконки видны
PASS  страница документа договора: редакция и загрузка экспорта RDWeb
PASS  экспорт RDWeb принят и распознан существующим конвейером — /contract-documents/daefc554-3022-4318-88de-30a64e03a1ff
PASS  worker проиндексировал редакцию договора
PASS  поиск по договору: цитата помечена «Документ договора»
PASS  без права связи — пояснение, кнопки связи нет
PASS  администратор договоров выдал право связи через вкладку «Доступ»
PASS  связь с тендером подтверждена через диалог и показана «Действует»
PASS  договор виден во вкладке «Договоры» тендера
PASS  в редакторе состава — кандидат из связанного договора
PASS  редакция договора включена в состав явно
PASS  вход инженера
PASS  у инженера без выдач нет раздела «Договоры»
PASS  элемент договора в составе — только факт, без названия
PASS  договоры тендера: связь без выдачи не называется
PASS  поиск этапа: единица договора исключена по правам и видна только числом
PASS  прямой переход к договору — «не найден или нет доступа»
PASS  нет горизонтальной прокрутки на 360 px (состав с элементом договора)
PASS  360 px: подписи кнопок не обрезаны, иконки видны
PASS  повторный вход администратора
PASS  тёмная тема, 1280 px: карточка договора с правами пользователя
PASS  нет ошибок консоли и нарушений CSP
Итог: PASS
